// Jest Snapshot v1, https://goo.gl/fbAQLP

exports[`Should render a Main 1`] = `
<React.Fragment>
  <Header />
  <div
    className="wrapper"
  >
    <div
      className="content"
    >
      <Connect(PostsList) />
    </div>
  </div>
</React.Fragment>
`;
