// Jest Snapshot v1, https://goo.gl/fbAQLP

exports[`Should render a Sorting 1`] = `
<button
  className="button"
  onClick={[Function]}
>
  Sort by author
</button>
`;
