// Jest Snapshot v1, https://goo.gl/fbAQLP

exports[`Should render a Header 1`] = `
<header
  className="header"
>
  <Menu />
</header>
`;
